// Jest Snapshot v1, https://goo.gl/fbAQLP

exports[`Patient Check In SnapShot 1`] = `
<View
  style={
    Object {
      "alignItems": "center",
      "backgroundColor": "#72C3C9",
      "flex": 1,
      "justifyContent": "center",
    }
  }
>
  <Text>
     Check-in Screen Homepage
  </Text>
</View>
`;
